// Jest Snapshot v1, https://goo.gl/fbAQLP

exports[`peers component peers component should render properly 1`] = `
ShallowWrapper {
  Symbol(enzyme.__root__): [Circular],
  Symbol(enzyme.__unrendered__): <div>
    <Unknown
      title="TOP PEERS"
    />
    <div>
      <Styled(ul)>
        <Styled(li)>
          AAPL
        </Styled(li)>
        <Styled(li)>
          FB
        </Styled(li)>
        <Styled(li)>
          GOOG
        </Styled(li)>
        <Styled(li)>
          GOOGL
        </Styled(li)>
      </Styled(ul)>
    </div>
  </div>,
  Symbol(enzyme.__renderer__): Object {
    "batchedUpdates": [Function],
    "getNode": [Function],
    "render": [Function],
    "simulateError": [Function],
    "simulateEvent": [Function],
    "unmount": [Function],
  },
  Symbol(enzyme.__node__): Object {
    "instance": null,
    "key": undefined,
    "nodeType": "host",
    "props": Object {
      "children": Array [
        <Unknown
          title="TOP PEERS"
        />,
        <div>
          <Styled(ul)>
            <Styled(li)>
              AAPL
            </Styled(li)>
            <Styled(li)>
              FB
            </Styled(li)>
            <Styled(li)>
              GOOG
            </Styled(li)>
            <Styled(li)>
              GOOGL
            </Styled(li)>
          </Styled(ul)>
        </div>,
      ],
    },
    "ref": null,
    "rendered": Array [
      Object {
        "instance": null,
        "key": undefined,
        "nodeType": "function",
        "props": Object {
          "title": "TOP PEERS",
        },
        "ref": null,
        "rendered": null,
        "type": [Function],
      },
      Object {
        "instance": null,
        "key": undefined,
        "nodeType": "host",
        "props": Object {
          "children": <Styled(ul)>
            <Styled(li)>
              AAPL
            </Styled(li)>
            <Styled(li)>
              FB
            </Styled(li)>
            <Styled(li)>
              GOOG
            </Styled(li)>
            <Styled(li)>
              GOOGL
            </Styled(li)>
          </Styled(ul)>,
        },
        "ref": null,
        "rendered": Object {
          "instance": null,
          "key": undefined,
          "nodeType": "class",
          "props": Object {
            "children": Array [
              <Styled(li)>
                AAPL
              </Styled(li)>,
              <Styled(li)>
                FB
              </Styled(li)>,
              <Styled(li)>
                GOOG
              </Styled(li)>,
              <Styled(li)>
                GOOGL
              </Styled(li)>,
            ],
          },
          "ref": null,
          "rendered": Array [
            Object {
              "instance": null,
              "key": "0",
              "nodeType": "class",
              "props": Object {
                "children": "AAPL",
              },
              "ref": null,
              "rendered": "AAPL",
              "type": [Function],
            },
            Object {
              "instance": null,
              "key": "1",
              "nodeType": "class",
              "props": Object {
                "children": "FB",
              },
              "ref": null,
              "rendered": "FB",
              "type": [Function],
            },
            Object {
              "instance": null,
              "key": "2",
              "nodeType": "class",
              "props": Object {
                "children": "GOOG",
              },
              "ref": null,
              "rendered": "GOOG",
              "type": [Function],
            },
            Object {
              "instance": null,
              "key": "3",
              "nodeType": "class",
              "props": Object {
                "children": "GOOGL",
              },
              "ref": null,
              "rendered": "GOOGL",
              "type": [Function],
            },
          ],
          "type": [Function],
        },
        "type": "div",
      },
    ],
    "type": "div",
  },
  Symbol(enzyme.__nodes__): Array [
    Object {
      "instance": null,
      "key": undefined,
      "nodeType": "host",
      "props": Object {
        "children": Array [
          <Unknown
            title="TOP PEERS"
          />,
          <div>
            <Styled(ul)>
              <Styled(li)>
                AAPL
              </Styled(li)>
              <Styled(li)>
                FB
              </Styled(li)>
              <Styled(li)>
                GOOG
              </Styled(li)>
              <Styled(li)>
                GOOGL
              </Styled(li)>
            </Styled(ul)>
          </div>,
        ],
      },
      "ref": null,
      "rendered": Array [
        Object {
          "instance": null,
          "key": undefined,
          "nodeType": "function",
          "props": Object {
            "title": "TOP PEERS",
          },
          "ref": null,
          "rendered": null,
          "type": [Function],
        },
        Object {
          "instance": null,
          "key": undefined,
          "nodeType": "host",
          "props": Object {
            "children": <Styled(ul)>
              <Styled(li)>
                AAPL
              </Styled(li)>
              <Styled(li)>
                FB
              </Styled(li)>
              <Styled(li)>
                GOOG
              </Styled(li)>
              <Styled(li)>
                GOOGL
              </Styled(li)>
            </Styled(ul)>,
          },
          "ref": null,
          "rendered": Object {
            "instance": null,
            "key": undefined,
            "nodeType": "class",
            "props": Object {
              "children": Array [
                <Styled(li)>
                  AAPL
                </Styled(li)>,
                <Styled(li)>
                  FB
                </Styled(li)>,
                <Styled(li)>
                  GOOG
                </Styled(li)>,
                <Styled(li)>
                  GOOGL
                </Styled(li)>,
              ],
            },
            "ref": null,
            "rendered": Array [
              Object {
                "instance": null,
                "key": "0",
                "nodeType": "class",
                "props": Object {
                  "children": "AAPL",
                },
                "ref": null,
                "rendered": "AAPL",
                "type": [Function],
              },
              Object {
                "instance": null,
                "key": "1",
                "nodeType": "class",
                "props": Object {
                  "children": "FB",
                },
                "ref": null,
                "rendered": "FB",
                "type": [Function],
              },
              Object {
                "instance": null,
                "key": "2",
                "nodeType": "class",
                "props": Object {
                  "children": "GOOG",
                },
                "ref": null,
                "rendered": "GOOG",
                "type": [Function],
              },
              Object {
                "instance": null,
                "key": "3",
                "nodeType": "class",
                "props": Object {
                  "children": "GOOGL",
                },
                "ref": null,
                "rendered": "GOOGL",
                "type": [Function],
              },
            ],
            "type": [Function],
          },
          "type": "div",
        },
      ],
      "type": "div",
    },
  ],
  Symbol(enzyme.__options__): Object {
    "adapter": ReactSixteenAdapter {
      "options": Object {
        "enableComponentDidUpdateOnSetState": true,
        "lifecycles": Object {
          "componentDidUpdate": Object {
            "onSetState": true,
          },
          "getDerivedStateFromProps": true,
          "getSnapshotBeforeUpdate": true,
          "setState": Object {
            "skipsComponentDidUpdateOnNullish": true,
          },
        },
      },
    },
  },
}
`;
