// Jest Snapshot v1, https://goo.gl/fbAQLP

exports[`overview component overview component should display all data fields 1`] = `
<div>
  <div
    className="overview"
  >
    <div
      className="category-header"
    >
      <h3>
        COMPANY OVERVIEW
      </h3>
    </div>
    <div
      className="overview-content"
    >
      <h2>
        American Assets Trust Inc.
      </h2>
      <p>
        http://www.americanassetstrust.com
      </p>
      <p>
        American Assets Trust Inc is a self-administered real estate investment trust based in the United States. The company mainly invests in, operates, and develops retail, office, residential, and mixed-use properties in California, Oregon, and Hawaii.
      </p>
    </div>
  </div>
</div>
`;

exports[`overview component overview should display all data fields 1`] = `
<div>
  <div
    className="overview"
  >
    <div
      className="category-header"
    >
      <h3>
        COMPANY OVERVIEW
      </h3>
    </div>
    <div
      className="overview-content"
    >
      <h2>
        American Assets Trust Inc.
      </h2>
      <p>
        http://www.americanassetstrust.com
      </p>
      <p>
        American Assets Trust Inc is a self-administered real estate investment trust based in the United States. The company mainly invests in, operates, and develops retail, office, residential, and mixed-use properties in California, Oregon, and Hawaii.
      </p>
    </div>
  </div>
</div>
`;

exports[`overview should display all data fields 1`] = `
<div>
  <div
    className="overview"
  >
    <div
      className="category-header"
    >
      <h3>
        COMPANY OVERVIEW
      </h3>
    </div>
    <div
      className="overview-content"
    >
      <h2>
        American Assets Trust Inc.
      </h2>
      <p>
        http://www.americanassetstrust.com
      </p>
      <p>
        American Assets Trust Inc is a self-administered real estate investment trust based in the United States. The company mainly invests in, operates, and develops retail, office, residential, and mixed-use properties in California, Oregon, and Hawaii.
      </p>
    </div>
  </div>
</div>
`;
