// Jest Snapshot v1, https://goo.gl/fbAQLP

exports[`overview component overview component should display all data fields 1`] = `
ShallowWrapper {
  Symbol(enzyme.__root__): [Circular],
  Symbol(enzyme.__unrendered__): <div>
    <div
      className="overview"
    >
      <Unknown
        title="COMPANY OVERVIEW"
      />
      <div
        className="overview-content"
      >
        <h2>
          American Assets Trust Inc.
        </h2>
        <p>
          http://www.americanassetstrust.com
        </p>
        <p>
          American Assets Trust Inc is a self-administered real estate investment trust based in the United States. The company mainly invests in, operates, and develops retail, office, residential, and mixed-use properties in California, Oregon, and Hawaii.
        </p>
      </div>
    </div>
  </div>,
  Symbol(enzyme.__renderer__): Object {
    "batchedUpdates": [Function],
    "getNode": [Function],
    "render": [Function],
    "simulateError": [Function],
    "simulateEvent": [Function],
    "unmount": [Function],
  },
  Symbol(enzyme.__node__): Object {
    "instance": null,
    "key": undefined,
    "nodeType": "host",
    "props": Object {
      "children": <div
        className="overview"
      >
        <Unknown
          title="COMPANY OVERVIEW"
        />
        <div
          className="overview-content"
        >
          <h2>
            American Assets Trust Inc.
          </h2>
          <p>
            http://www.americanassetstrust.com
          </p>
          <p>
            American Assets Trust Inc is a self-administered real estate investment trust based in the United States. The company mainly invests in, operates, and develops retail, office, residential, and mixed-use properties in California, Oregon, and Hawaii.
          </p>
        </div>
      </div>,
    },
    "ref": null,
    "rendered": Object {
      "instance": null,
      "key": undefined,
      "nodeType": "host",
      "props": Object {
        "children": Array [
          <Unknown
            title="COMPANY OVERVIEW"
          />,
          <div
            className="overview-content"
          >
            <h2>
              American Assets Trust Inc.
            </h2>
            <p>
              http://www.americanassetstrust.com
            </p>
            <p>
              American Assets Trust Inc is a self-administered real estate investment trust based in the United States. The company mainly invests in, operates, and develops retail, office, residential, and mixed-use properties in California, Oregon, and Hawaii.
            </p>
          </div>,
        ],
        "className": "overview",
      },
      "ref": null,
      "rendered": Array [
        Object {
          "instance": null,
          "key": undefined,
          "nodeType": "function",
          "props": Object {
            "title": "COMPANY OVERVIEW",
          },
          "ref": null,
          "rendered": null,
          "type": [Function],
        },
        Object {
          "instance": null,
          "key": undefined,
          "nodeType": "host",
          "props": Object {
            "children": Array [
              <h2>
                American Assets Trust Inc.
              </h2>,
              <p>
                http://www.americanassetstrust.com
              </p>,
              <p>
                American Assets Trust Inc is a self-administered real estate investment trust based in the United States. The company mainly invests in, operates, and develops retail, office, residential, and mixed-use properties in California, Oregon, and Hawaii.
              </p>,
            ],
            "className": "overview-content",
          },
          "ref": null,
          "rendered": Array [
            Object {
              "instance": null,
              "key": undefined,
              "nodeType": "host",
              "props": Object {
                "children": "American Assets Trust Inc.",
              },
              "ref": null,
              "rendered": "American Assets Trust Inc.",
              "type": "h2",
            },
            Object {
              "instance": null,
              "key": undefined,
              "nodeType": "host",
              "props": Object {
                "children": "http://www.americanassetstrust.com",
              },
              "ref": null,
              "rendered": "http://www.americanassetstrust.com",
              "type": "p",
            },
            Object {
              "instance": null,
              "key": undefined,
              "nodeType": "host",
              "props": Object {
                "children": "American Assets Trust Inc is a self-administered real estate investment trust based in the United States. The company mainly invests in, operates, and develops retail, office, residential, and mixed-use properties in California, Oregon, and Hawaii.",
              },
              "ref": null,
              "rendered": "American Assets Trust Inc is a self-administered real estate investment trust based in the United States. The company mainly invests in, operates, and develops retail, office, residential, and mixed-use properties in California, Oregon, and Hawaii.",
              "type": "p",
            },
          ],
          "type": "div",
        },
      ],
      "type": "div",
    },
    "type": "div",
  },
  Symbol(enzyme.__nodes__): Array [
    Object {
      "instance": null,
      "key": undefined,
      "nodeType": "host",
      "props": Object {
        "children": <div
          className="overview"
        >
          <Unknown
            title="COMPANY OVERVIEW"
          />
          <div
            className="overview-content"
          >
            <h2>
              American Assets Trust Inc.
            </h2>
            <p>
              http://www.americanassetstrust.com
            </p>
            <p>
              American Assets Trust Inc is a self-administered real estate investment trust based in the United States. The company mainly invests in, operates, and develops retail, office, residential, and mixed-use properties in California, Oregon, and Hawaii.
            </p>
          </div>
        </div>,
      },
      "ref": null,
      "rendered": Object {
        "instance": null,
        "key": undefined,
        "nodeType": "host",
        "props": Object {
          "children": Array [
            <Unknown
              title="COMPANY OVERVIEW"
            />,
            <div
              className="overview-content"
            >
              <h2>
                American Assets Trust Inc.
              </h2>
              <p>
                http://www.americanassetstrust.com
              </p>
              <p>
                American Assets Trust Inc is a self-administered real estate investment trust based in the United States. The company mainly invests in, operates, and develops retail, office, residential, and mixed-use properties in California, Oregon, and Hawaii.
              </p>
            </div>,
          ],
          "className": "overview",
        },
        "ref": null,
        "rendered": Array [
          Object {
            "instance": null,
            "key": undefined,
            "nodeType": "function",
            "props": Object {
              "title": "COMPANY OVERVIEW",
            },
            "ref": null,
            "rendered": null,
            "type": [Function],
          },
          Object {
            "instance": null,
            "key": undefined,
            "nodeType": "host",
            "props": Object {
              "children": Array [
                <h2>
                  American Assets Trust Inc.
                </h2>,
                <p>
                  http://www.americanassetstrust.com
                </p>,
                <p>
                  American Assets Trust Inc is a self-administered real estate investment trust based in the United States. The company mainly invests in, operates, and develops retail, office, residential, and mixed-use properties in California, Oregon, and Hawaii.
                </p>,
              ],
              "className": "overview-content",
            },
            "ref": null,
            "rendered": Array [
              Object {
                "instance": null,
                "key": undefined,
                "nodeType": "host",
                "props": Object {
                  "children": "American Assets Trust Inc.",
                },
                "ref": null,
                "rendered": "American Assets Trust Inc.",
                "type": "h2",
              },
              Object {
                "instance": null,
                "key": undefined,
                "nodeType": "host",
                "props": Object {
                  "children": "http://www.americanassetstrust.com",
                },
                "ref": null,
                "rendered": "http://www.americanassetstrust.com",
                "type": "p",
              },
              Object {
                "instance": null,
                "key": undefined,
                "nodeType": "host",
                "props": Object {
                  "children": "American Assets Trust Inc is a self-administered real estate investment trust based in the United States. The company mainly invests in, operates, and develops retail, office, residential, and mixed-use properties in California, Oregon, and Hawaii.",
                },
                "ref": null,
                "rendered": "American Assets Trust Inc is a self-administered real estate investment trust based in the United States. The company mainly invests in, operates, and develops retail, office, residential, and mixed-use properties in California, Oregon, and Hawaii.",
                "type": "p",
              },
            ],
            "type": "div",
          },
        ],
        "type": "div",
      },
      "type": "div",
    },
  ],
  Symbol(enzyme.__options__): Object {
    "adapter": ReactSixteenAdapter {
      "options": Object {
        "enableComponentDidUpdateOnSetState": true,
        "lifecycles": Object {
          "componentDidUpdate": Object {
            "onSetState": true,
          },
          "getDerivedStateFromProps": true,
          "getSnapshotBeforeUpdate": true,
          "setState": Object {
            "skipsComponentDidUpdateOnNullish": true,
          },
        },
      },
    },
  },
}
`;
