// Jest Snapshot v1, https://goo.gl/fbAQLP

exports[`<Price /> should render properly 1`] = `
ShallowWrapper {
  Symbol(enzyme.__root__): [Circular],
  Symbol(enzyme.__unrendered__): <div>
    <div
      className="price"
    >
      <sup>
        $
      </sup>
      221.19
       
      <div
        className="text-orange"
      >
        -0.96
         | 
        -0.432
        <sup>
          %
        </sup>
      </div>
    </div>
  </div>,
  Symbol(enzyme.__renderer__): Object {
    "batchedUpdates": [Function],
    "getNode": [Function],
    "render": [Function],
    "simulateError": [Function],
    "simulateEvent": [Function],
    "unmount": [Function],
  },
  Symbol(enzyme.__node__): Object {
    "instance": null,
    "key": undefined,
    "nodeType": "host",
    "props": Object {
      "children": <div
        className="price"
      >
        <sup>
          $
        </sup>
        221.19
         
        <div
          className="text-orange"
        >
          -0.96
           | 
          -0.432
          <sup>
            %
          </sup>
        </div>
      </div>,
    },
    "ref": null,
    "rendered": Object {
      "instance": null,
      "key": undefined,
      "nodeType": "host",
      "props": Object {
        "children": Array [
          <sup>
            $
          </sup>,
          "221.19",
          " ",
          <div
            className="text-orange"
          >
            -0.96
             | 
            -0.432
            <sup>
              %
            </sup>
          </div>,
        ],
        "className": "price",
      },
      "ref": null,
      "rendered": Array [
        Object {
          "instance": null,
          "key": undefined,
          "nodeType": "host",
          "props": Object {
            "children": "$",
          },
          "ref": null,
          "rendered": "$",
          "type": "sup",
        },
        "221.19",
        " ",
        Object {
          "instance": null,
          "key": undefined,
          "nodeType": "host",
          "props": Object {
            "children": Array [
              -0.96,
              " | ",
              -0.432,
              <sup>
                %
              </sup>,
            ],
            "className": "text-orange",
          },
          "ref": null,
          "rendered": Array [
            -0.96,
            " | ",
            -0.432,
            Object {
              "instance": null,
              "key": undefined,
              "nodeType": "host",
              "props": Object {
                "children": "%",
              },
              "ref": null,
              "rendered": "%",
              "type": "sup",
            },
          ],
          "type": "div",
        },
      ],
      "type": "div",
    },
    "type": "div",
  },
  Symbol(enzyme.__nodes__): Array [
    Object {
      "instance": null,
      "key": undefined,
      "nodeType": "host",
      "props": Object {
        "children": <div
          className="price"
        >
          <sup>
            $
          </sup>
          221.19
           
          <div
            className="text-orange"
          >
            -0.96
             | 
            -0.432
            <sup>
              %
            </sup>
          </div>
        </div>,
      },
      "ref": null,
      "rendered": Object {
        "instance": null,
        "key": undefined,
        "nodeType": "host",
        "props": Object {
          "children": Array [
            <sup>
              $
            </sup>,
            "221.19",
            " ",
            <div
              className="text-orange"
            >
              -0.96
               | 
              -0.432
              <sup>
                %
              </sup>
            </div>,
          ],
          "className": "price",
        },
        "ref": null,
        "rendered": Array [
          Object {
            "instance": null,
            "key": undefined,
            "nodeType": "host",
            "props": Object {
              "children": "$",
            },
            "ref": null,
            "rendered": "$",
            "type": "sup",
          },
          "221.19",
          " ",
          Object {
            "instance": null,
            "key": undefined,
            "nodeType": "host",
            "props": Object {
              "children": Array [
                -0.96,
                " | ",
                -0.432,
                <sup>
                  %
                </sup>,
              ],
              "className": "text-orange",
            },
            "ref": null,
            "rendered": Array [
              -0.96,
              " | ",
              -0.432,
              Object {
                "instance": null,
                "key": undefined,
                "nodeType": "host",
                "props": Object {
                  "children": "%",
                },
                "ref": null,
                "rendered": "%",
                "type": "sup",
              },
            ],
            "type": "div",
          },
        ],
        "type": "div",
      },
      "type": "div",
    },
  ],
  Symbol(enzyme.__options__): Object {
    "adapter": ReactSixteenAdapter {
      "options": Object {
        "enableComponentDidUpdateOnSetState": true,
        "lifecycles": Object {
          "componentDidUpdate": Object {
            "onSetState": true,
          },
          "getDerivedStateFromProps": true,
          "getSnapshotBeforeUpdate": true,
          "setState": Object {
            "skipsComponentDidUpdateOnNullish": true,
          },
        },
      },
    },
  },
}
`;
